PDF 文件 30 个，总页数 287，待识别 287 页（跳过缓存 0 页）
[5/287] 23.8s  已用0.4min  预计剩余22.4min  2009年计算机408统考真题【无水印：快乐每一 p3
[10/287] 40.0s  已用0.7min  预计剩余18.5min  2010年计算机408统考真题【无水印：快乐每一 p5
[15/287] 44.8s  已用0.7min  预计剩余13.5min  2010年计算机408统考真题【无水印：快乐每一 p4
[20/287] 64.1s  已用1.1min  预计剩余14.3min  2011年计算机408统考真题【无水印：快乐每一 p2
[25/287] 78.6s  已用1.3min  预计剩余13.7min  2012年计算机408统考真题【无水印：快乐每一 p4
[30/287] 92.5s  已用1.5min  预计剩余13.2min  2012年计算机408统考真题【无水印：快乐每一 p6
[35/287] 104.6s  已用1.7min  预计剩余12.6min  2012年计算机408统考真题【无水印：快乐每一 p7
[40/287] 121.1s  已用2.0min  预计剩余12.5min  2014年计算机408统考真题【无水印：快乐每一 p2
[45/287] 132.6s  已用2.2min  预计剩余11.9min  2014年计算机408统考真题【无水印：快乐每一 p6
[50/287] 146.3s  已用2.4min  预计剩余11.6min  2015年计算机408统考真题【无水印：快乐每一 p5
[55/287] 157.8s  已用2.6min  预计剩余11.1min  2016年计算机408统考真题【无水印：快乐每一 p1
[60/287] 168.3s  已用2.8min  预计剩余10.6min  2016年计算机408统考真题【无水印：快乐每一 p4
[65/287] 182.6s  已用3.0min  预计剩余10.4min  2017年计算机408统考真题【无水印：快乐每一 p3
[70/287] 193.8s  已用3.2min  预计剩余10.0min  2017年计算机408统考真题【无水印：快乐每一 p4
[75/287] 209.8s  已用3.5min  预计剩余9.9min  2018年计算机408统考真题【无水印：快乐每一 p4
[80/287] 224.6s  已用3.7min  预计剩余9.7min  2019年计算机408统考真题【无水印：快乐每一 p1
[85/287] 236.6s  已用3.9min  预计剩余9.4min  2019年计算机408统考真题【无水印：快乐每一 p6
[90/287] 247.4s  已用4.1min  预计剩余9.0min  2019年计算机408统考真题【无水印：快乐每一 p7
[95/287] 261.6s  已用4.4min  预计剩余8.8min  2021年计算机408统考真题【无水印：快乐每一 p1
[100/287] 276.3s  已用4.6min  预计剩余8.6min  2021年计算机408统考真题【无水印：快乐每一 p4
[105/287] 283.4s  已用4.7min  预计剩余8.2min  2022年计算机408统考真题【无水印：快乐每一 p1
[110/287] 301.6s  已用5.0min  预计剩余8.1min  2022年计算机408统考真题【无水印：快乐每一 p3
[115/287] 315.0s  已用5.3min  预计剩余7.9min  2023年计算机408统考真题【无水印：快乐每一 p3
[120/287] 328.7s  已用5.5min  预计剩余7.6min  2023年计算机408统考真题【无水印：快乐每一 p8
[125/287] 348.3s  已用5.8min  预计剩余7.5min  2009年计算机408统考真题解析【无水印：快乐 p7
[130/287] 356.2s  已用5.9min  预计剩余7.2min  2009年计算机408统考真题解析【无水印：快乐 p10
[135/287] 374.4s  已用6.2min  预计剩余7.0min  2010年计算机408统考真题解析【无水印：快乐 p3
[140/287] 392.2s  已用6.5min  预计剩余6.9min  2010年计算机408统考真题解析【无水印：快乐 p8
[145/287] 408.1s  已用6.8min  预计剩余6.7min  2011年计算机408统考真题解析【无水印：快乐 p2
[150/287] 422.9s  已用7.0min  预计剩余6.4min  2011年计算机408统考真题解析【无水印：快乐 p8
[155/287] 437.7s  已用7.3min  预计剩余6.2min  2012年计算机408统考真题解析【无水印：快乐 p1
[160/287] 454.3s  已用7.6min  预计剩余6.0min  2012年计算机408统考真题解析【无水印：快乐 p7
[165/287] 467.7s  已用7.8min  预计剩余5.8min  2012年计算机408统考真题解析【无水印：快乐 p10
[170/287] 485.1s  已用8.1min  预计剩余5.6min  2013年计算机408统考真题解析【无水印：快乐 p5
[175/287] 492.6s  已用8.2min  预计剩余5.3min  2013年计算机408统考真题解析【无水印：快乐 p6
[180/287] 513.8s  已用8.6min  预计剩余5.1min  2014年计算机408统考真题解析【无水印：快乐 p4
[185/287] 530.5s  已用8.8min  预计剩余4.9min  2014年计算机408统考真题解析【无水印：快乐 p8
[190/287] 543.8s  已用9.1min  预计剩余4.6min  2015年计算机408统考真题解析【无水印：快乐 p1
[195/287] 557.4s  已用9.3min  预计剩余4.4min  2015年计算机408统考真题解析【无水印：快乐 p4
[200/287] 569.4s  已用9.5min  预计剩余4.1min  2015年计算机408统考真题解析【无水印：快乐 p8
[205/287] 588.0s  已用9.8min  预计剩余3.9min  2016年计算机408统考真题解析【无水印：快乐 p7
[210/287] 600.7s  已用10.0min  预计剩余3.7min  2016年计算机408统考真题解析【无水印：快乐 p12
[215/287] 618.3s  已用10.3min  预计剩余3.5min  2017年计算机408统考真题解析【无水印：快乐 p3
[220/287] 630.3s  已用10.5min  预计剩余3.2min  2017年计算机408统考真题解析【无水印：快乐 p9
[225/287] 650.1s  已用10.8min  预计剩余3.0min  2018年计算机408统考真题解析【无水印：快乐 p5
[230/287] 663.7s  已用11.1min  预计剩余2.7min  2019年计算机408统考真题解析【无水印：快乐 p1
[235/287] 683.7s  已用11.4min  预计剩余2.5min  2019年计算机408统考真题解析【无水印：快乐 p7
[240/287] 698.2s  已用11.6min  预计剩余2.3min  2020年计算机408统考真题解析【无水印：快乐 p1
[245/287] 704.6s  已用11.7min  预计剩余2.0min  2020年计算机408统考真题解析【无水印：快乐 p3
[250/287] 723.2s  已用12.1min  预计剩余1.8min  2020年计算机408统考真题解析【无水印：快乐 p9
[255/287] 738.7s  已用12.3min  预计剩余1.5min  2021年计算机408统考真题解析【无水印：快乐 p1
[260/287] 755.0s  已用12.6min  预计剩余1.3min  2021年计算机408统考真题解析【无水印：快乐 p5
[265/287] 769.9s  已用12.8min  预计剩余1.1min  2021年计算机408统考真题解析【无水印：快乐 p11
[270/287] 792.2s  已用13.2min  预计剩余0.8min  2022年计算机408统考真题解析【无水印：快乐 p6
[275/287] 804.1s  已用13.4min  预计剩余0.6min  2022年计算机408统考真题解析【无水印：快乐 p9
[280/287] 826.7s  已用13.8min  预计剩余0.3min  2023年计算机408统考真题解析【无水印：快乐 p4
[285/287] 840.1s  已用14.0min  预计剩余0.1min  2023年计算机408统考真题解析【无水印：快乐 p9
[287/287] 844.5s  已用14.1min  预计剩余0.0min  2023年计算机408统考真题解析【无水印：快乐 p11
组装文本 ...
  2009年计算机408统考真题【无水印：快乐每一天整理仅用于学习请勿用作其他用途】                    7 页
  2010年计算机408统考真题【无水印：快乐每一天整理仅用于学习请勿用作其他用途】                    8 页
  2011年计算机408统考真题【无水印：快乐每一天整理仅用于学习请勿用作其他用途】                    8 页
  2012年计算机408统考真题【无水印：快乐每一天整理仅用于学习请勿用作其他用途】                    8 页
  2013年计算机408统考真题【无水印：快乐每一天整理仅用于学习请勿用作其他用途】                    8 页
  2014年计算机408统考真题【无水印：快乐每一天整理仅用于学习请勿用作其他用途】                    7 页
  2015年计算机408统考真题【无水印：快乐每一天整理仅用于学习请勿用作其他用途】                    9 页
  2016年计算机408统考真题【无水印：快乐每一天整理仅用于学习请勿用作其他用途】                    8 页
  2017年计算机408统考真题【无水印：快乐每一天整理仅用于学习请勿用作其他用途】                    8 页
  2018年计算机408统考真题【无水印：快乐每一天整理仅用于学习请勿用作其他用途】                    8 页
  2019年计算机408统考真题【无水印：快乐每一天整理仅用于学习请勿用作其他用途】                    7 页
  2020年计算机408统考真题【无水印：快乐每一天整理仅用于学习请勿用作其他用途】                    9 页
  2021年计算机408统考真题【无水印：快乐每一天整理仅用于学习请勿用作其他用途】                    9 页
  2022年计算机408统考真题【无水印：快乐每一天整理仅用于学习请勿用作其他用途】                    8 页
  2023年计算机408统考真题【无水印：快乐每一天整理仅用于学习请勿用作其他用途】                    8 页
  2009年计算机408统考真题解析【无水印：快乐每一天整理仅用于学习请勿用作其他用途】                  12 页
  2010年计算机408统考真题解析【无水印：快乐每一天整理仅用于学习请勿用作其他用途】                  11 页
  2011年计算机408统考真题解析【无水印：快乐每一天整理仅用于学习请勿用作其他用途】                  12 页
  2012年计算机408统考真题解析【无水印：快乐每一天整理仅用于学习请勿用作其他用途】                  11 页
  2013年计算机408统考真题解析【无水印：快乐每一天整理仅用于学习请勿用作其他用途】                  11 页
  2014年计算机408统考真题解析【无水印：快乐每一天整理仅用于学习请勿用作其他用途】                  14 页
  2015年计算机408统考真题解析【无水印：快乐每一天整理仅用于学习请勿用作其他用途】                  8 页
  2016年计算机408统考真题解析【无水印：快乐每一天整理仅用于学习请勿用作其他用途】                  12 页
  2017年计算机408统考真题解析【无水印：快乐每一天整理仅用于学习请勿用作其他用途】                  10 页
  2018年计算机408统考真题解析【无水印：快乐每一天整理仅用于学习请勿用作其他用途】                  9 页
  2019年计算机408统考真题解析【无水印：快乐每一天整理仅用于学习请勿用作其他用途】                  12 页
  2020年计算机408统考真题解析【无水印：快乐每一天整理仅用于学习请勿用作其他用途】                  13 页
  2021年计算机408统考真题解析【无水印：快乐每一天整理仅用于学习请勿用作其他用途】                  11 页
  2022年计算机408统考真题解析【无水印：快乐每一天整理仅用于学习请勿用作其他用途】                  10 页
  2023年计算机408统考真题解析【无水印：快乐每一天整理仅用于学习请勿用作其他用途】                  11 页
全部完成，用时 14.1 分钟。输出目录：E:\电子书教材\408真题\OCR输出
